predictions = ccb_test.predict
Num weight bits = 18
learning rate = 0.5
initial_t = 0
power_t = 0.5
using no cache
Reading datafile = train-sets/ccb_test.dat
num sources = 1
average  since         example        example  current  current  current
loss     last          counter         weight    label  predict features
0.000000 0.000000            1            1.0 0:0.000000,1:0.000000,... 0,1,2,...       18
0.000000 0.000000            2            2.0 3:0.000000,4:0.000000,... 3,4,0,...       18
-0.250000 -0.500000            4            4.0 1:0.000000,4:-1.000000,... 1,4,2,...       18
-0.542586 -0.835171            8            8.0 4:-1.000000,1:0.000000,... 4,1,0,...       18
-0.306046 -0.035714           16           16.0  ?,?,... 4,2,1,...       18

finished run
number of examples = 24
weighted example sum = 24.000000
weighted label sum = 0.000000
average loss = -0.306046
total feature number = 432
